http://repo.roscidus.com/devel/cmake
http://repo.roscidus.com/devel/doxygen
http://repo.roscidus.com/devel/gitversion
http://repo.roscidus.com/docker/compose
http://repo.roscidus.com/docker/machine
http://repo.roscidus.com/dotnet/core
http://repo.roscidus.com/dotnet/core-sdk
http://repo.roscidus.com/dotnet/ironpython
http://repo.roscidus.com/dotnet/nant
http://repo.roscidus.com/dotnet/nuget
http://repo.roscidus.com/editors/atom
http://repo.roscidus.com/editors/calibre
http://repo.roscidus.com/editors/notepad-plus-plus
http://repo.roscidus.com/editors/vs-code
http://repo.roscidus.com/git/gitextensions
http://repo.roscidus.com/git/windows
http://repo.roscidus.com/golang/go
http://repo.roscidus.com/java/ant
http://repo.roscidus.com/java/gradle
http://repo.roscidus.com/java/kotlin
http://repo.roscidus.com/java/maven
http://repo.roscidus.com/java/openjdk-jdk
http://repo.roscidus.com/java/openjdk-jre
http://repo.roscidus.com/java/scala
http://repo.roscidus.com/javascript/node
http://repo.roscidus.com/kubernetes/helm
http://repo.roscidus.com/kubernetes/helmfile
http://repo.roscidus.com/kubernetes/kompose
http://repo.roscidus.com/kubernetes/kops
http://repo.roscidus.com/kubernetes/kubectl
http://repo.roscidus.com/kubernetes/minikube
http://repo.roscidus.com/libreoffice/libreoffice
http://repo.roscidus.com/powershell/core
http://repo.roscidus.com/python/python
http://repo.roscidus.com/security/gnupg
http://repo.roscidus.com/security/keepass-classic
http://repo.roscidus.com/security/keepass-pro
http://repo.roscidus.com/security/nmap
http://repo.roscidus.com/utils/curl
http://repo.roscidus.com/utils/ffmpeg
http://repo.roscidus.com/utils/filezilla
http://repo.roscidus.com/utils/gnuplot
http://repo.roscidus.com/utils/graphviz
http://repo.roscidus.com/utils/jq
http://repo.roscidus.com/utils/pidgin
http://repo.roscidus.com/utils/putty
http://repo.roscidus.com/utils/vlc
http://repo.roscidus.com/utils/winscp
http://repo.roscidus.com/utils/xz
http://0install.de/feeds/AutoIt.xml
http://0install.de/feeds/CDBurnerXP.xml
http://0install.de/feeds/MPC-HC.xml
http://0install.de/feeds/NAPS2.xml
http://0install.de/feeds/ScreenToGif.xml
